path "/home/felix/.dotfiles/helper" does not contain a 'flake.nix', searching up
warning: Git tree '/home/felix/.dotfiles' is dirty
Using saved setting for 'extra-substituters = https://therobot2105.cachix.org' from ~/.local/share/nix/trusted-settings.json.
Using saved setting for 'extra-trusted-public-keys = therobot2105.cachix.org-1:RX3o93UfxJFGbsvHxthPnVYAs2FnL7H6V7N9VUh4AnQ=' from ~/.local/share/nix/trusted-settings.json.
these 75 paths will be fetched (113.7 MiB download, 305.6 MiB unpacked):
  /nix/store/njhz1f5xr4hgniy9bbb9g5k2llgsmycv-acl-2.4.0
  /nix/store/hh6aq56xckx99nlz7h5lxq937741ll0q-aws-c-auth-0.9.1
  /nix/store/ivh5n4ll1ci3sihlc1gzqw9p3q5j98fg-aws-c-cal-0.9.2
  /nix/store/6ywdzcy3k7i69rkkabzhkvfb4ysdb3jv-aws-c-common-0.12.4
  /nix/store/yjz9n3yfnv2zsz3wnbapgykc93xigg7q-aws-c-compression-0.3.1
  /nix/store/f6jkhbg4pj3f2bjrxh7jiwbmmvq6cs6v-aws-c-event-stream-0.7.0
  /nix/store/4gx060s20pph6ncpslpmqn4j3cjcg2jk-aws-c-http-0.11.0
  /nix/store/v9x2mvll9mskg9x67sf2v3jin91q1xpk-aws-c-io-0.27.2
  /nix/store/rvrr5qf2ri05yakj5d35mh9v6rviz0p2-aws-c-mqtt-0.13.3
  /nix/store/9p5r6sswpimz3lzyfvjyjcwqz152zvjj-aws-c-s3-0.8.7
  /nix/store/6ghv08max8zxgvr0kdxh1da8bnszyyp5-aws-c-sdkutils-0.2.4
  /nix/store/k2aj56101jf78c7c9a1haxm130mdzlms-aws-checksums-0.2.7
  /nix/store/fq3jhzg0v47djkdlnjaz2riywwknnbhv-aws-crt-cpp-0.34.3
  /nix/store/byi2zpy2bgcf3dr6y0l8m50rmjj8z7q1-bash-5.3p15
  /nix/store/cxhaclrgbcf5kfggs2323ig3d0164g25-boehm-gc-8.2.12
  /nix/store/klkb81wkzlz3bpfv6brnh3gwcapy5b4w-boost-1.89.0
  /nix/store/gycvlzgb3zyak6cjc77v14kj2cldvl8b-brotli-1.2.0-lib
  /nix/store/b3jfa39pfxlv8w0dyjb2la0q8gdw0p5v-busybox-1.37.0
  /nix/store/0hckf4kx70qifvrsbh64hc2s5xfyrf97-bzip2-1.0.8
  /nix/store/42ixphp7ffr0vc2pn0pwsmd28igrd0fh-curl-8.21.0
  /nix/store/lislkkcsk10rkzgk7zgw1vfais29dvy6-editline-1.17.1-unstable-2025-05-24
  /nix/store/x7hyp2ndwysydy2q1djdvjzlqzvqhg8x-expat-2.8.2
  /nix/store/r48746qznwqxxl9qzd8f08ny8mg1dg2y-gcc-15.3.0-lib
  /nix/store/cjgm8gv32xdrjgzbgc0zk2fypiys9ylf-gcc-15.3.0-libgcc
  /nix/store/ssvhb57axjvgid3q6jqy38vfqz7i7955-gdbm-1.26-lib
  /nix/store/0d8g8n0a11v6f5m2h416ajyxmnkwc3md-glibc-2.42-67
  /nix/store/s95yvar0jrjbjgvv3mykcqikmbcfcp2h-hwloc-2.14.0-lib
  /nix/store/nv8jd3fvfv8p1d6dxflk1snfxzwabbm7-icu4c-78.3
  /nix/store/blpk08g22vz9dnhbxfbkdyx93bp4jqwx-keyutils-1.6.3-lib
  /nix/store/vma5g0pj9by1x0kh788bqvfsvw4mfknc-krb5-1.22.2-lib
  /nix/store/nyj0xvpd3b87xha554s5agwwgwlg9lgq-libarchive-3.8.8-lib
  /nix/store/f7al8klbmyhg45nr87p9zn24m10ainih-libblake3-1.8.5
  /nix/store/gx83dxp0i43ihg1ll559sv1l1dirmvd4-libcpuid-0.8.1
  /nix/store/wflv43s0i42ysmjvw1hiw4vdiidfzwnn-libffi-3.7.1
  /nix/store/1v5gbwr1p3wdwp4i6b7gcmk4g4n13axi-libgit2-1.9.4-lib
  /nix/store/kpcd405yxfc3pfv8x4mv5j3fj54v946p-libidn2-2.3.8
  /nix/store/1ww50zcsv4wbp5yz3ixcix4kjaicig6c-libpsl-0.21.5
  /nix/store/58kmmva64lsp47pdirnhaq0490f1mnbn-libseccomp-2.6.1-lib
  /nix/store/ml2gdl3h2ir8qrz3qb69y0il8hhz5f28-libsodium-1.0.22-unstable-2026-07-08
  /nix/store/as6g7bkfxkjgz29lqx613alhdcdh25h2-libssh2-1.11.1
  /nix/store/h5yzhyi8j6iq4r26giryd0rh9ynsayan-libunistring-1.4.2
  /nix/store/fvzrihfjwmh1610sv7mz5vg2dnqc9fin-libxml2-2.15.3
  /nix/store/1hmalbvlbqan5lgwak5dz629y49khnzx-llhttp-9.4.3
  /nix/store/j8681320hlw3ananiyyzaihcqsfj6cq1-lowdown-3.0.1-lib
  /nix/store/ivslqa3a0qbj3q0p9w7n71zf62jlag2b-mailcap-2.1.54
  /nix/store/6107vj1ijan2b4v48p064n0bfmn5hgkx-mpdecimal-4.0.1
  /nix/store/zlvs6miv8wfki399pmxri7x0sjd3429c-ncurses-6.6
  /nix/store/pxf2z5y0qy63qlq39xwjv8i60lpcd0zy-nghttp2-1.69.0-lib
  /nix/store/921rrm82ybaraxldrzjrmw2nqqabs3hv-nghttp3-1.16.0
  /nix/store/i3n4nir08v03qrabc13h53yz3nacbrls-ngtcp2-1.23.0
  /nix/store/kgwqirnzhflf9vmrkzgqz16z2bry397z-nix-2.34.8
  /nix/store/r4yd7hpfwpx5s8ily1ipwjc17cl087mn-nix-2.34.8
  /nix/store/zi85m0jm54aycgx4ibdfbjzx4imx12sg-nix-cmd-2.34.8
  /nix/store/8d09z1jv1v4r3w8il1c8cii9d1szw7id-nix-expr-2.34.8
  /nix/store/1nx8fygy7nzbm3jgnghgwyrg1v0sr9qg-nix-fetchers-2.34.8
  /nix/store/h545zl7a57frz0mj59lvh4c1ba8kvgkc-nix-flake-2.34.8
  /nix/store/hwdrwk0djprp485pj857dgrnfhxg0ca1-nix-main-2.34.8
  /nix/store/3nih1walaw249zvh8gk2xkivg89jfxis-nix-nswrapper-2.34.8
  /nix/store/da495zysgd4jqj0dp4z40a0m208s4w7f-nix-store-2.34.8
  /nix/store/ymmszzlfbw1idbpnlakrihyvmp1m41k0-nix-util-2.34.8
  /nix/store/0z85f9i9pd14zg4s5ckw20c9yff4mkk0-nixos-rebuild-ng-26.11
  /nix/store/9nc0c0pqkl7yvd14xgajc8spjhdnk06p-onetbb-2022.3.0
  /nix/store/1mf3lj0mldr8732yvzjc12fig2407b3d-openssl-3.6.3
  /nix/store/dsn500c5j62qz9f49mi3nhx74jbkf6xq-pcre2-10.47
  /nix/store/jnrk28d552wrc6cw8ck3q6x8zgvbb0zq-publicsuffix-list-0-unstable-2026-07-25
  /nix/store/3n4qphl9s728sz8frmpqqrv9b1m87g68-python3-3.14.7
  /nix/store/4myf3s1i9rahd2my1zs2cqify7y930sk-readline-8.3p3
  /nix/store/qvksg9m39nap970n26a66swschb48f6k-s2n-tls-1.7.6
  /nix/store/fqkp26idpnpqk5l2cjfb51jdn6nj5bam-sqlite-3.53.3
  /nix/store/vlgjd2179ahfh509p1aid8fl22bw8ri3-tzdata-2026c
  /nix/store/kpjkxs3hlgl7yxqp8cg7fkvs42zi4vfh-util-linux-minimal-2.42.2-lib
  /nix/store/v4zcvckzr9hqpg1f6bmkbf2q7fmszzvk-xgcc-15.3.0-libgcc
  /nix/store/96hgnqnikm0k4pag8x35hb6s46nag1l3-xz-5.8.3
  /nix/store/zks9mfsn4rqr6z9g6pcj2xqzcsplj0nb-zlib-1.3.2
  /nix/store/pxahscw9vl9vac1nbjpy6bhz3vbk3cpl-zstd-1.5.7
copying path '/nix/store/ivslqa3a0qbj3q0p9w7n71zf62jlag2b-mailcap-2.1.54' from 'https://cache.nixos.org'...
copying path '/nix/store/vlgjd2179ahfh509p1aid8fl22bw8ri3-tzdata-2026c' from 'https://cache.nixos.org'...
copying path '/nix/store/cjgm8gv32xdrjgzbgc0zk2fypiys9ylf-gcc-15.3.0-libgcc' from 'https://cache.nixos.org'...
copying path '/nix/store/v4zcvckzr9hqpg1f6bmkbf2q7fmszzvk-xgcc-15.3.0-libgcc' from 'https://cache.nixos.org'...
copying path '/nix/store/b3jfa39pfxlv8w0dyjb2la0q8gdw0p5v-busybox-1.37.0' from 'https://cache.nixos.org'...
copying path '/nix/store/h5yzhyi8j6iq4r26giryd0rh9ynsayan-libunistring-1.4.2' from 'https://cache.nixos.org'...
copying path '/nix/store/jnrk28d552wrc6cw8ck3q6x8zgvbb0zq-publicsuffix-list-0-unstable-2026-07-25' from 'https://cache.nixos.org'...
copying path '/nix/store/kpcd405yxfc3pfv8x4mv5j3fj54v946p-libidn2-2.3.8' from 'https://cache.nixos.org'...
copying path '/nix/store/0d8g8n0a11v6f5m2h416ajyxmnkwc3md-glibc-2.42-67' from 'https://cache.nixos.org'...
copying path '/nix/store/njhz1f5xr4hgniy9bbb9g5k2llgsmycv-acl-2.4.0' from 'https://cache.nixos.org'...
copying path '/nix/store/6ywdzcy3k7i69rkkabzhkvfb4ysdb3jv-aws-c-common-0.12.4' from 'https://cache.nixos.org'...
copying path '/nix/store/byi2zpy2bgcf3dr6y0l8m50rmjj8z7q1-bash-5.3p15' from 'https://cache.nixos.org'...
copying path '/nix/store/gycvlzgb3zyak6cjc77v14kj2cldvl8b-brotli-1.2.0-lib' from 'https://cache.nixos.org'...
copying path '/nix/store/0hckf4kx70qifvrsbh64hc2s5xfyrf97-bzip2-1.0.8' from 'https://cache.nixos.org'...
copying path '/nix/store/lislkkcsk10rkzgk7zgw1vfais29dvy6-editline-1.17.1-unstable-2025-05-24' from 'https://cache.nixos.org'...
copying path '/nix/store/x7hyp2ndwysydy2q1djdvjzlqzvqhg8x-expat-2.8.2' from 'https://cache.nixos.org'...
copying path '/nix/store/r48746qznwqxxl9qzd8f08ny8mg1dg2y-gcc-15.3.0-lib' from 'https://cache.nixos.org'...
copying path '/nix/store/1ww50zcsv4wbp5yz3ixcix4kjaicig6c-libpsl-0.21.5' from 'https://cache.nixos.org'...
copying path '/nix/store/ml2gdl3h2ir8qrz3qb69y0il8hhz5f28-libsodium-1.0.22-unstable-2026-07-08' from 'https://cache.nixos.org'...
copying path '/nix/store/ssvhb57axjvgid3q6jqy38vfqz7i7955-gdbm-1.26-lib' from 'https://cache.nixos.org'...
copying path '/nix/store/blpk08g22vz9dnhbxfbkdyx93bp4jqwx-keyutils-1.6.3-lib' from 'https://cache.nixos.org'...
copying path '/nix/store/gx83dxp0i43ihg1ll559sv1l1dirmvd4-libcpuid-0.8.1' from 'https://cache.nixos.org'...
copying path '/nix/store/wflv43s0i42ysmjvw1hiw4vdiidfzwnn-libffi-3.7.1' from 'https://cache.nixos.org'...
copying path '/nix/store/s95yvar0jrjbjgvv3mykcqikmbcfcp2h-hwloc-2.14.0-lib' from 'https://cache.nixos.org'...
copying path '/nix/store/58kmmva64lsp47pdirnhaq0490f1mnbn-libseccomp-2.6.1-lib' from 'https://cache.nixos.org'...
copying path '/nix/store/fvzrihfjwmh1610sv7mz5vg2dnqc9fin-libxml2-2.15.3' from 'https://cache.nixos.org'...
copying path '/nix/store/yjz9n3yfnv2zsz3wnbapgykc93xigg7q-aws-c-compression-0.3.1' from 'https://cache.nixos.org'...
copying path '/nix/store/6ghv08max8zxgvr0kdxh1da8bnszyyp5-aws-c-sdkutils-0.2.4' from 'https://cache.nixos.org'...
copying path '/nix/store/k2aj56101jf78c7c9a1haxm130mdzlms-aws-checksums-0.2.7' from 'https://cache.nixos.org'...
copying path '/nix/store/1hmalbvlbqan5lgwak5dz629y49khnzx-llhttp-9.4.3' from 'https://cache.nixos.org'...
copying path '/nix/store/j8681320hlw3ananiyyzaihcqsfj6cq1-lowdown-3.0.1-lib' from 'https://cache.nixos.org'...
copying path '/nix/store/6107vj1ijan2b4v48p064n0bfmn5hgkx-mpdecimal-4.0.1' from 'https://cache.nixos.org'...
copying path '/nix/store/zlvs6miv8wfki399pmxri7x0sjd3429c-ncurses-6.6' from 'https://cache.nixos.org'...
copying path '/nix/store/pxf2z5y0qy63qlq39xwjv8i60lpcd0zy-nghttp2-1.69.0-lib' from 'https://cache.nixos.org'...
copying path '/nix/store/921rrm82ybaraxldrzjrmw2nqqabs3hv-nghttp3-1.16.0' from 'https://cache.nixos.org'...
copying path '/nix/store/1mf3lj0mldr8732yvzjc12fig2407b3d-openssl-3.6.3' from 'https://cache.nixos.org'...
copying path '/nix/store/dsn500c5j62qz9f49mi3nhx74jbkf6xq-pcre2-10.47' from 'https://cache.nixos.org'...
copying path '/nix/store/kpjkxs3hlgl7yxqp8cg7fkvs42zi4vfh-util-linux-minimal-2.42.2-lib' from 'https://cache.nixos.org'...
copying path '/nix/store/96hgnqnikm0k4pag8x35hb6s46nag1l3-xz-5.8.3' from 'https://cache.nixos.org'...
copying path '/nix/store/zks9mfsn4rqr6z9g6pcj2xqzcsplj0nb-zlib-1.3.2' from 'https://cache.nixos.org'...
copying path '/nix/store/fqkp26idpnpqk5l2cjfb51jdn6nj5bam-sqlite-3.53.3' from 'https://cache.nixos.org'...
copying path '/nix/store/4myf3s1i9rahd2my1zs2cqify7y930sk-readline-8.3p3' from 'https://cache.nixos.org'...
copying path '/nix/store/nv8jd3fvfv8p1d6dxflk1snfxzwabbm7-icu4c-78.3' from 'https://cache.nixos.org'...
copying path '/nix/store/cxhaclrgbcf5kfggs2323ig3d0164g25-boehm-gc-8.2.12' from 'https://cache.nixos.org'...
copying path '/nix/store/9nc0c0pqkl7yvd14xgajc8spjhdnk06p-onetbb-2022.3.0' from 'https://cache.nixos.org'...
copying path '/nix/store/pxahscw9vl9vac1nbjpy6bhz3vbk3cpl-zstd-1.5.7' from 'https://cache.nixos.org'...
copying path '/nix/store/ivh5n4ll1ci3sihlc1gzqw9p3q5j98fg-aws-c-cal-0.9.2' from 'https://cache.nixos.org'...
copying path '/nix/store/vma5g0pj9by1x0kh788bqvfsvw4mfknc-krb5-1.22.2-lib' from 'https://cache.nixos.org'...
copying path '/nix/store/as6g7bkfxkjgz29lqx613alhdcdh25h2-libssh2-1.11.1' from 'https://cache.nixos.org'...
copying path '/nix/store/i3n4nir08v03qrabc13h53yz3nacbrls-ngtcp2-1.23.0' from 'https://cache.nixos.org'...
copying path '/nix/store/qvksg9m39nap970n26a66swschb48f6k-s2n-tls-1.7.6' from 'https://cache.nixos.org'...
copying path '/nix/store/nyj0xvpd3b87xha554s5agwwgwlg9lgq-libarchive-3.8.8-lib' from 'https://cache.nixos.org'...
copying path '/nix/store/3n4qphl9s728sz8frmpqqrv9b1m87g68-python3-3.14.7' from 'https://cache.nixos.org'...
copying path '/nix/store/f7al8klbmyhg45nr87p9zn24m10ainih-libblake3-1.8.5' from 'https://cache.nixos.org'...
copying path '/nix/store/1v5gbwr1p3wdwp4i6b7gcmk4g4n13axi-libgit2-1.9.4-lib' from 'https://cache.nixos.org'...
copying path '/nix/store/v9x2mvll9mskg9x67sf2v3jin91q1xpk-aws-c-io-0.27.2' from 'https://cache.nixos.org'...
copying path '/nix/store/f6jkhbg4pj3f2bjrxh7jiwbmmvq6cs6v-aws-c-event-stream-0.7.0' from 'https://cache.nixos.org'...
copying path '/nix/store/4gx060s20pph6ncpslpmqn4j3cjcg2jk-aws-c-http-0.11.0' from 'https://cache.nixos.org'...
copying path '/nix/store/42ixphp7ffr0vc2pn0pwsmd28igrd0fh-curl-8.21.0' from 'https://cache.nixos.org'...
copying path '/nix/store/hh6aq56xckx99nlz7h5lxq937741ll0q-aws-c-auth-0.9.1' from 'https://cache.nixos.org'...
copying path '/nix/store/rvrr5qf2ri05yakj5d35mh9v6rviz0p2-aws-c-mqtt-0.13.3' from 'https://cache.nixos.org'...
copying path '/nix/store/9p5r6sswpimz3lzyfvjyjcwqz152zvjj-aws-c-s3-0.8.7' from 'https://cache.nixos.org'...
copying path '/nix/store/fq3jhzg0v47djkdlnjaz2riywwknnbhv-aws-crt-cpp-0.34.3' from 'https://cache.nixos.org'...
copying path '/nix/store/klkb81wkzlz3bpfv6brnh3gwcapy5b4w-boost-1.89.0' from 'https://cache.nixos.org'...
copying path '/nix/store/ymmszzlfbw1idbpnlakrihyvmp1m41k0-nix-util-2.34.8' from 'https://cache.nixos.org'...
copying path '/nix/store/3nih1walaw249zvh8gk2xkivg89jfxis-nix-nswrapper-2.34.8' from 'https://cache.nixos.org'...
copying path '/nix/store/da495zysgd4jqj0dp4z40a0m208s4w7f-nix-store-2.34.8' from 'https://cache.nixos.org'...
copying path '/nix/store/1nx8fygy7nzbm3jgnghgwyrg1v0sr9qg-nix-fetchers-2.34.8' from 'https://cache.nixos.org'...
copying path '/nix/store/hwdrwk0djprp485pj857dgrnfhxg0ca1-nix-main-2.34.8' from 'https://cache.nixos.org'...
copying path '/nix/store/8d09z1jv1v4r3w8il1c8cii9d1szw7id-nix-expr-2.34.8' from 'https://cache.nixos.org'...
copying path '/nix/store/h545zl7a57frz0mj59lvh4c1ba8kvgkc-nix-flake-2.34.8' from 'https://cache.nixos.org'...
copying path '/nix/store/zi85m0jm54aycgx4ibdfbjzx4imx12sg-nix-cmd-2.34.8' from 'https://cache.nixos.org'...
copying path '/nix/store/kgwqirnzhflf9vmrkzgqz16z2bry397z-nix-2.34.8' from 'https://cache.nixos.org'...
copying path '/nix/store/r4yd7hpfwpx5s8ily1ipwjc17cl087mn-nix-2.34.8' from 'https://cache.nixos.org'...
copying path '/nix/store/0z85f9i9pd14zg4s5ckw20c9yff4mkk0-nixos-rebuild-ng-26.11' from 'https://cache.nixos.org'...
building the system configuration...
path "/home/felix/.dotfiles/helper" does not contain a 'flake.nix', searching up
warning: Git tree '/home/felix/.dotfiles' is dirty
Using saved setting for 'extra-substituters = https://therobot2105.cachix.org' from ~/.local/share/nix/trusted-settings.json.
Using saved setting for 'extra-trusted-public-keys = therobot2105.cachix.org-1:RX3o93UfxJFGbsvHxthPnVYAs2FnL7H6V7N9VUh4AnQ=' from ~/.local/share/nix/trusted-settings.json.
evaluation warning: stdenv.isLinux is deprecated, use stdenv.hostPlatform.isLinux instead
evaluation warning: stdenv.isDarwin is deprecated, use stdenv.hostPlatform.isDarwin instead
error:
       … while calling the 'derivationStrict' builtin
         at «nix-internal»/derivation-internal.nix:37:12:
           36|
           37|   strict = derivationStrict drvAttrs;
             |            ^
           38|

       … while evaluating derivation 'nixos-system-nixos-laptop-26.11.20260816.e5bdc4a'
         whose name attribute is located at «https://releases.nixos.org/nixos/unstable/nixos-26.11pre1055335.e5bdc4a41d4c/nixexprs.tar.xz?narHash=sha256-kSR/jfpR4cE26YRZ8exQkoRbEA30vyWimajwZANYYaE%3D»/pkgs/stdenv/generic/make-derivation.nix:651:11

       … while evaluating attribute 'buildCommand' of derivation 'nixos-system-nixos-laptop-26.11.20260816.e5bdc4a'
         at «https://releases.nixos.org/nixos/unstable/nixos-26.11pre1055335.e5bdc4a41d4c/nixexprs.tar.xz?narHash=sha256-kSR/jfpR4cE26YRZ8exQkoRbEA30vyWimajwZANYYaE%3D»/nixos/modules/system/activation/top-level.nix:63:7:
           62|       allowSubstitutes = false;
           63|       buildCommand = systemBuilder;
             |       ^
           64|

       … while evaluating the option `environment.etc.dbus-1.source':

       … while evaluating the option `programs.nix-ld.libraries':

       … while evaluating definitions from `/nix/store/1rq5m6x9n8mdnwlcwqr5c7w1yc3kf2ga-source/nixld.nix':

       (stack trace truncated; use '--show-trace' to show the full, detailed trace)

       error: gnome2.GConf has been removed as it was long deprecated upstream. Consider using gsettings and dconf instead.
Command 'nix --extra-experimental-features 'nix-command flakes' build --print-out-paths '.#nixosConfigurations."nixos-laptop".config.system.build.toplevel' --no-link' returned non-zero exit status 1.
